../Core/Src/main.c:101:6:can_data_send	16	static
../Core/Src/main.c:113:6:HAL_CAN_RxFifo0MsgPendingCallback	48	static
../Core/Src/main.c:134:6:HAL_TIM_PeriodElapsedCallback	16	static
../Core/Src/main.c:167:5:main	8	static
../Core/Src/main.c:292:6:SystemClock_Config	72	static
../Core/Src/main.c:332:13:MX_CAN_Init	48	static
../Core/Src/main.c:381:13:MX_TIM3_Init	32	static
../Core/Src/main.c:426:13:MX_TIM4_Init	32	static
../Core/Src/main.c:471:13:MX_GPIO_Init	16	static
../Core/Src/main.c:494:6:Error_Handler	4	static,ignoring_inline_asm
