../Core/Src/main.c:100:6:can_data_send	16	static
../Core/Src/main.c:112:6:HAL_CAN_RxFifo0MsgPendingCallback	48	static
../Core/Src/main.c:133:6:HAL_TIM_PeriodElapsedCallback	16	static
../Core/Src/main.c:166:5:main	8	static
../Core/Src/main.c:227:6:SystemClock_Config	72	static
../Core/Src/main.c:267:13:MX_CAN_Init	48	static
../Core/Src/main.c:316:13:MX_TIM3_Init	32	static
../Core/Src/main.c:361:13:MX_TIM4_Init	32	static
../Core/Src/main.c:406:13:MX_GPIO_Init	16	static
../Core/Src/main.c:429:6:Error_Handler	4	static,ignoring_inline_asm
